cyan	Running step: 01_register_resources
green	Registered XLSX resources: 11
green	Registered DOCX resources: 9
green	Registered parquet resources: 8
cyan	Running step: 02_load_xlsx
green	Loaded population rows: 59665
green	Columns: 26
green	Artifacts dumped: data/diagnostics/20260525_114621/step_artifacts/02_load_xlsx_population_df.csv
cyan	Running step: 03_infer_names
green	Inferred name columns for 11 XLSX files.
green	Artifacts dumped: data/diagnostics/20260525_114621/step_artifacts/03_infer_names_population_with_names_df.csv
cyan	Running step: 04_add_economy_priority
green	Computed economies for 217 country entries.
green	Artifacts dumped: data/diagnostics/20260525_114621/step_artifacts/04_add_economy_priority_population_with_economy_df.csv
cyan	Running step: 05_sample_population
cyan	Precompute random draw batches: 8 draws, total random rows=300, population rows=59665
cyan	Precompute pilot rows for sampling exclusion (10 configured pilot triples)
cyan	Pilot sampling exclusion seed rows: 10 distinct population rows found in 2024_HCR.xlsx
cyan	Random draw batches ready: 300 rows across 8 draws, 300 distinct population rows selected
cyan	Materialize random draw 1/8: size=20, replace=True
cyan	Materialize random draw 2/8: size=40, replace=True
cyan	Materialize random draw 3/8: size=40, replace=True
cyan	Materialize random draw 4/8: size=40, replace=True
cyan	Materialize random draw 5/8: size=40, replace=True
cyan	Materialize random draw 6/8: size=40, replace=True
cyan	Materialize random draw 7/8: size=40, replace=True
cyan	Materialize random draw 8/8: size=40, replace=True
green	Sample rows: 310
green	Artifacts dumped: data/diagnostics/20260525_114621/step_artifacts/05_sample_population_samples_with_context_df.csv
cyan	Running step: 06_build_outerdict
green	OuterDict keys: 307
green	Artifacts dumped: data/diagnostics/20260525_114621/step_artifacts/06_build_outerdict_outer_dict.json, data/diagnostics/20260525_114621/step_artifacts/06_build_outerdict_outer_dict_excluded.json
cyan	Running step: 07_match_xlsx
green	Matched XLSX rows: 1984
green	Artifacts dumped: data/diagnostics/20260525_114621/step_artifacts/07_match_xlsx_xlsx_matches_df.csv
cyan	Running step: 08_match_docx
green	Matched DOCX rows: 317
green	Artifacts dumped: data/diagnostics/20260525_114621/step_artifacts/08_match_docx_docx_matches_df.csv
cyan	Running step: 09_match_parquet
cyan	[LEGEND] [TABLE/PARQUET]=parquet-derived tables we most want to preserve; 
cyan	[LEGEND] [TABLE/INNERDICT]=materialized tables that feed recoverable innerdict/output artifacts; 
cyan	[LEGEND] [TABLE/EFF]=materialized for efficiency only; 
cyan	[LEGEND] [VIEW/FILTER]/[VIEW/OUTPUT]=ephemeral views; 
cyan	[LEGEND] [OUTERDICT]=append/load actions.
cyan	[TABLE/PARQUET] Match author details to name keys (author_details scan)
cyan	[TABLE/PARQUET] HEAVY step ahead: author_details exact-name matching scans author_details (display_name + alternatives) and joins against all outerdict name keys.
cyan	[TABLE/PARQUET] Matched author-details candidates: 7,478 rows, 270 name keys, 7,470 author IDs.
cyan	[TABLE/PARQUET] Create author->paper table
cyan	[TABLE/PARQUET] HEAVY step ahead: author->paper expansion joins matched author rows to authors_paper parquet and can grow substantially.
cyan	[TABLE/PARQUET] Author->paper rows: 694,521 rows, 7,478 name/author pairs, 510,013 distinct papers.
cyan	[TABLE/EFF] Create hits union table
cyan	[TABLE/EFF] HEAVY step ahead: materializing hit tables union from 2 parquet files filtered to author->paper distinct papers (510,013) for reuse in multiple downstream queries.
cyan	[TABLE/EFF] Hits union materialized: 3,426,146 rows, 509,978 papers, 303 fields.
cyan	[TABLE/EFF] Aggregate author-level hit stats
cyan	[TABLE/EFF] HEAVY step ahead: aggregating hit stats over author->paper rows (694,521) joined to hits union rows (3,426,146).
cyan	[TABLE/EFF] Author hit aggregates: 7,478 rows (zero=4,771, nonzero=2,707, null=0).
cyan	[VIEW/FILTER] Create filtered parquet author-match view before downstream enrichment
cyan	[VIEW/FILTER] Nonzero-hit author-match filter: kept 2,707/7,478 rows, 268 name keys, 2,699 author IDs; removed zero-hit rows=4,771.
cyan	[VIEW/FILTER] Create distinct nonzero-hit author-id filter view
cyan	[VIEW/FILTER] Distinct nonzero-hit author IDs: 2,699.
cyan	[TABLE/EFF] Create full author aggregate payload table (nonzero-hit subset only)
cyan	[TABLE/EFF] HEAVY step ahead: list-heavy author aggregation (paper lists + field IDs) restricted to nonzero-hit author matches after pruning.
cyan	[TABLE/EFF] Author aggregate payload rows (nonzero-hit subset): 2,707.
cyan	[TABLE/PARQUET] Create matched author_details table
cyan	[TABLE/PARQUET] HEAVY step ahead: filtering author_details parquet by distinct nonzero-hit author IDs (2,699).
cyan	[TABLE/PARQUET] Matched author_details rows: 2,699.
cyan	[TABLE/PARQUET] Create matched authors table
cyan	[TABLE/PARQUET] HEAVY step ahead: filtering authors parquet by distinct nonzero-hit author IDs (2,699).
cyan	[TABLE/PARQUET] Matched authors rows: 2,699.
cyan	[TABLE/PARQUET] Create matched paper-author-affiliation table
cyan	[TABLE/PARQUET] HEAVY step ahead: filtering paper_author_affiliation parquet by distinct nonzero-hit author IDs (2,699); this can still be very large.
cyan	[TABLE/PARQUET] Matched paper-author-affiliation rows: 606,238.
cyan	[TABLE/PARQUET] Create matched affiliations table
cyan	[TABLE/PARQUET] HEAVY step ahead: filtering affiliations parquet to institutions referenced by matched paper-author-affiliation rows.
cyan	[TABLE/PARQUET] Matched affiliations rows: 11,211.
cyan	[TABLE/INNERDICT] Create author-level output table
cyan	[TABLE/INNERDICT] HEAVY step ahead: joining nonzero-hit author matches with matched author_details, matched authors, and author hit aggregates.
cyan	[TABLE/INNERDICT] Author-level output rows: 2,707.
cyan	[TABLE/EFF] HEAVY diagnostic ahead: estimate top-paper reduction by scanning author->paper rows filtered to nonzero-hit matches.
cyan	Top-5 paper reduction: kept 13274 of 617867, removed 604593.
cyan	[TABLE/EFF] HEAVY diagnostic ahead: estimate top-institution reduction from matched paper-author-affiliation rows.
cyan	Top-5 institution reduction: kept 12682 of 100917, removed 88235.
cyan	[TABLE/EFF] HEAVY diagnostic ahead: expand field-id lists and join fields parquet to measure display-name coverage.
cyan	[TABLE/EFF] Fields display-name mapping: matched 231480/231480 IDs (unmatched: 0).
cyan	[TABLE/INNERDICT] Create parquet enriched table (top-5 papers, top-5 institutions, concept display names, nonzero hits)
cyan	[TABLE/INNERDICT] HEAVY step ahead: builds final parquet innerdict rows with paper ranking, institution ranking, concept display mapping, and draw ordering.
cyan	[TABLE/INNERDICT] Parquet enriched rows: 2,707.
cyan	[OUTERDICT] Append parquet matches into OuterDict (2,707 rows)
cyan	[VIEW/OUTPUT] Create parquet output view
cyan	[VIEW/FILTER] Filtered out parquet author-match rows before downstream enrichment with ktp.ssn_sum_hit_1pct == 0: 4,771
cyan	[VIEW/OUTPUT] Load parquet output dataframe
cyan	[VIEW/OUTPUT] HEAVY step ahead: executes output view and converts result to pandas dataframe.
cyan	[VIEW/OUTPUT] Loaded parquet output dataframe rows: 2,707 across 1 view(s).
green	Parquet views created: 1
green	Matched parquet rows: 2707
green	Artifacts dumped: data/diagnostics/20260525_114621/step_artifacts/09_match_parquet_ssn_parquet_output.csv
cyan	Running step: 10_build_cards
cyan	Card subset mode 2: Remaining name keys (zero or >1 sciscinet innerdict, no present ktp.xlsx_match payload, any non-exact ktp.xlsx_match, no docx innerdict, or any empty required ktp.table_1_* value). For ktp.table_1_* fields, non-empty is required except these allowed-empty fields: ['ktp.table_1_comments', 'ktp.table_1_footnotes', 'ktp.table_1_race_ethnicity_language_culture', 'ktp.table_1_socioeconomic_status', 'ktp.table_1_topics']
Rule                                           Pass   Fail
----------------------------------------------------------
sciscinet: exactly one innerdict                153    154
xlsx: all present ktp.xlsx_match exact          225     82
docx: required ktp.table_1_* non-empty          207    100
----------------------------------------------------------
mode_1                                           76    231
mode_2                                          231     76
mode_3                                          112    195
mode_4                                          195    112
selected for current mode                       231     76
mode_1 description: Exactly one sciscinet innerdict, at least one present ktp.xlsx_match payload and all present ktp.xlsx_match payloads are exact, and at least one docx innerdict with all required present ktp.table_1_* fields non-empty. For ktp.table_1_* fields, non-empty is required except these allowed-empty fields: ['ktp.table_1_comments', 'ktp.table_1_footnotes', 'ktp.table_1_race_ethnicity_language_culture', 'ktp.table_1_socioeconomic_status', 'ktp.table_1_topics']
mode_2 description: Remaining name keys (zero or >1 sciscinet innerdict, no present ktp.xlsx_match payload, any non-exact ktp.xlsx_match, no docx innerdict, or any empty required ktp.table_1_* value). For ktp.table_1_* fields, non-empty is required except these allowed-empty fields: ['ktp.table_1_comments', 'ktp.table_1_footnotes', 'ktp.table_1_race_ethnicity_language_culture', 'ktp.table_1_socioeconomic_status', 'ktp.table_1_topics']
mode_3 description: Exactly one sciscinet innerdict, at least one present ktp.xlsx_match payload, and all present ktp.xlsx_match payloads are exact.
mode_4 description: Remaining name keys (zero or >1 sciscinet innerdict, no present ktp.xlsx_match payload, or any non-exact ktp.xlsx_match).
cyan	Building cards from selected subset
cyan	Card build progress [------------------------] 1/231
cyan	Card build progress [------------------------] 2/231
cyan	Card build progress [------------------------] 3/231
cyan	Card build progress [------------------------] 4/231
cyan	Card build progress [------------------------] 5/231
cyan	Card build progress [------------------------] 6/231
cyan	Card build progress [------------------------] 7/231
cyan	Card build progress [------------------------] 8/231
cyan	Card build progress [------------------------] 9/231
cyan	Card build progress [#-----------------------] 10/231
cyan	Card build progress [#-----------------------] 11/231
cyan	Card build progress [#-----------------------] 12/231
cyan	Card build progress [#-----------------------] 13/231
cyan	Card build progress [#-----------------------] 14/231
cyan	Card build progress [#-----------------------] 15/231
cyan	Card build progress [#-----------------------] 16/231
cyan	Card build progress [#-----------------------] 17/231
cyan	Card build progress [#-----------------------] 18/231
cyan	Card build progress [#-----------------------] 19/231
cyan	Card build progress [##----------------------] 20/231
cyan	Card build progress [##----------------------] 21/231
cyan	Card build progress [##----------------------] 22/231
cyan	Card build progress [##----------------------] 23/231
cyan	Card build progress [##----------------------] 24/231
cyan	Card build progress [##----------------------] 25/231
cyan	Card build progress [##----------------------] 26/231
cyan	Card build progress [##----------------------] 27/231
cyan	Card build progress [##----------------------] 28/231
cyan	Card build progress [###---------------------] 29/231
cyan	Card build progress [###---------------------] 30/231
cyan	Card build progress [###---------------------] 31/231
cyan	Card build progress [###---------------------] 32/231
cyan	Card build progress [###---------------------] 33/231
cyan	Card build progress [###---------------------] 34/231
cyan	Card build progress [###---------------------] 35/231
cyan	Card build progress [###---------------------] 36/231
cyan	Card build progress [###---------------------] 37/231
cyan	Card build progress [###---------------------] 38/231
cyan	Card build progress [####--------------------] 39/231
cyan	Card build progress [####--------------------] 40/231
cyan	Card build progress [####--------------------] 41/231
cyan	Card build progress [####--------------------] 42/231
cyan	Card build progress [####--------------------] 43/231
cyan	Card build progress [####--------------------] 44/231
cyan	Card build progress [####--------------------] 45/231
cyan	Card build progress [####--------------------] 46/231
cyan	Card build progress [####--------------------] 47/231
cyan	Card build progress [####--------------------] 48/231
cyan	Card build progress [#####-------------------] 49/231
cyan	Card build progress [#####-------------------] 50/231
cyan	Card build progress [#####-------------------] 51/231
cyan	Card build progress [#####-------------------] 52/231
cyan	Card build progress [#####-------------------] 53/231
cyan	Card build progress [#####-------------------] 54/231
cyan	Card build progress [#####-------------------] 55/231
cyan	Card build progress [#####-------------------] 56/231
cyan	Card build progress [#####-------------------] 57/231
cyan	Card build progress [######------------------] 58/231
cyan	Card build progress [######------------------] 59/231
cyan	Card build progress [######------------------] 60/231
cyan	Card build progress [######------------------] 61/231
cyan	Card build progress [######------------------] 62/231
cyan	Card build progress [######------------------] 63/231
cyan	Card build progress [######------------------] 64/231
cyan	Card build progress [######------------------] 65/231
cyan	Card build progress [######------------------] 66/231
cyan	Card build progress [######------------------] 67/231
cyan	Card build progress [#######-----------------] 68/231
cyan	Card build progress [#######-----------------] 69/231
cyan	Card build progress [#######-----------------] 70/231
cyan	Card build progress [#######-----------------] 71/231
cyan	Card build progress [#######-----------------] 72/231
cyan	Card build progress [#######-----------------] 73/231
cyan	Card build progress [#######-----------------] 74/231
cyan	Card build progress [#######-----------------] 75/231
cyan	Card build progress [#######-----------------] 76/231
cyan	Card build progress [########----------------] 77/231
cyan	Card build progress [########----------------] 78/231
cyan	Card build progress [########----------------] 79/231
cyan	Card build progress [########----------------] 80/231
cyan	Card build progress [########----------------] 81/231
cyan	Card build progress [########----------------] 82/231
cyan	Card build progress [########----------------] 83/231
cyan	Card build progress [########----------------] 84/231
cyan	Card build progress [########----------------] 85/231
cyan	Card build progress [########----------------] 86/231
cyan	Card build progress [#########---------------] 87/231
cyan	Card build progress [#########---------------] 88/231
cyan	Card build progress [#########---------------] 89/231
cyan	Card build progress [#########---------------] 90/231
cyan	Card build progress [#########---------------] 91/231
cyan	Card build progress [#########---------------] 92/231
cyan	Card build progress [#########---------------] 93/231
cyan	Card build progress [#########---------------] 94/231
cyan	Card build progress [#########---------------] 95/231
cyan	Card build progress [#########---------------] 96/231
cyan	Card build progress [##########--------------] 97/231
cyan	Card build progress [##########--------------] 98/231
cyan	Card build progress [##########--------------] 99/231
cyan	Card build progress [##########--------------] 100/231
cyan	Card build progress [##########--------------] 101/231
cyan	Card build progress [##########--------------] 102/231
cyan	Card build progress [##########--------------] 103/231
cyan	Card build progress [##########--------------] 104/231
cyan	Card build progress [##########--------------] 105/231
cyan	Card build progress [###########-------------] 106/231
cyan	Card build progress [###########-------------] 107/231
cyan	Card build progress [###########-------------] 108/231
cyan	Card build progress [###########-------------] 109/231
cyan	Card build progress [###########-------------] 110/231
cyan	Card build progress [###########-------------] 111/231
cyan	Card build progress [###########-------------] 112/231
cyan	Card build progress [###########-------------] 113/231
cyan	Card build progress [###########-------------] 114/231
cyan	Card build progress [###########-------------] 115/231
cyan	Card build progress [############------------] 116/231
cyan	Card build progress [############------------] 117/231
cyan	Card build progress [############------------] 118/231
cyan	Card build progress [############------------] 119/231
cyan	Card build progress [############------------] 120/231
cyan	Card build progress [############------------] 121/231
cyan	Card build progress [############------------] 122/231
cyan	Card build progress [############------------] 123/231
cyan	Card build progress [############------------] 124/231
cyan	Card build progress [############------------] 125/231
cyan	Card build progress [#############-----------] 126/231
cyan	Card build progress [#############-----------] 127/231
cyan	Card build progress [#############-----------] 128/231
cyan	Card build progress [#############-----------] 129/231
cyan	Card build progress [#############-----------] 130/231
cyan	Card build progress [#############-----------] 131/231
cyan	Card build progress [#############-----------] 132/231
cyan	Card build progress [#############-----------] 133/231
cyan	Card build progress [#############-----------] 134/231
cyan	Card build progress [##############----------] 135/231
cyan	Card build progress [##############----------] 136/231
cyan	Card build progress [##############----------] 137/231
cyan	Card build progress [##############----------] 138/231
cyan	Card build progress [##############----------] 139/231
cyan	Card build progress [##############----------] 140/231
cyan	Card build progress [##############----------] 141/231
cyan	Card build progress [##############----------] 142/231
cyan	Card build progress [##############----------] 143/231
cyan	Card build progress [##############----------] 144/231
cyan	Card build progress [###############---------] 145/231
cyan	Card build progress [###############---------] 146/231
cyan	Card build progress [###############---------] 147/231
cyan	Card build progress [###############---------] 148/231
cyan	Card build progress [###############---------] 149/231
cyan	Card build progress [###############---------] 150/231
cyan	Card build progress [###############---------] 151/231
cyan	Card build progress [###############---------] 152/231
cyan	Card build progress [###############---------] 153/231
cyan	Card build progress [################--------] 154/231
cyan	Card build progress [################--------] 155/231
cyan	Card build progress [################--------] 156/231
cyan	Card build progress [################--------] 157/231
cyan	Card build progress [################--------] 158/231
cyan	Card build progress [################--------] 159/231
cyan	Card build progress [################--------] 160/231
cyan	Card build progress [################--------] 161/231
cyan	Card build progress [################--------] 162/231
cyan	Card build progress [################--------] 163/231
cyan	Card build progress [#################-------] 164/231
cyan	Card build progress [#################-------] 165/231
cyan	Card build progress [#################-------] 166/231
cyan	Card build progress [#################-------] 167/231
cyan	Card build progress [#################-------] 168/231
cyan	Card build progress [#################-------] 169/231
cyan	Card build progress [#################-------] 170/231
cyan	Card build progress [#################-------] 171/231
cyan	Card build progress [#################-------] 172/231
cyan	Card build progress [#################-------] 173/231
cyan	Card build progress [##################------] 174/231
cyan	Card build progress [##################------] 175/231
cyan	Card build progress [##################------] 176/231
cyan	Card build progress [##################------] 177/231
cyan	Card build progress [##################------] 178/231
cyan	Card build progress [##################------] 179/231
cyan	Card build progress [##################------] 180/231
cyan	Card build progress [##################------] 181/231
cyan	Card build progress [##################------] 182/231
cyan	Card build progress [###################-----] 183/231
cyan	Card build progress [###################-----] 184/231
cyan	Card build progress [###################-----] 185/231
cyan	Card build progress [###################-----] 186/231
cyan	Card build progress [###################-----] 187/231
cyan	Card build progress [###################-----] 188/231
cyan	Card build progress [###################-----] 189/231
cyan	Card build progress [###################-----] 190/231
cyan	Card build progress [###################-----] 191/231
cyan	Card build progress [###################-----] 192/231
cyan	Card build progress [####################----] 193/231
cyan	Card build progress [####################----] 194/231
cyan	Card build progress [####################----] 195/231
cyan	Card build progress [####################----] 196/231
cyan	Card build progress [####################----] 197/231
cyan	Card build progress [####################----] 198/231
cyan	Card build progress [####################----] 199/231
cyan	Card build progress [####################----] 200/231
cyan	Card build progress [####################----] 201/231
cyan	Card build progress [####################----] 202/231
cyan	Card build progress [#####################---] 203/231
cyan	Card build progress [#####################---] 204/231
cyan	Card build progress [#####################---] 205/231
cyan	Card build progress [#####################---] 206/231
cyan	Card build progress [#####################---] 207/231
cyan	Card build progress [#####################---] 208/231
cyan	Card build progress [#####################---] 209/231
cyan	Card build progress [#####################---] 210/231
cyan	Card build progress [#####################---] 211/231
cyan	Card build progress [######################--] 212/231
cyan	Card build progress [######################--] 213/231
cyan	Card build progress [######################--] 214/231
cyan	Card build progress [######################--] 215/231
cyan	Card build progress [######################--] 216/231
cyan	Card build progress [######################--] 217/231
cyan	Card build progress [######################--] 218/231
cyan	Card build progress [######################--] 219/231
cyan	Card build progress [######################--] 220/231
cyan	Card build progress [######################--] 221/231
cyan	Card build progress [#######################-] 222/231
cyan	Card build progress [#######################-] 223/231
cyan	Card build progress [#######################-] 224/231
cyan	Card build progress [#######################-] 225/231
cyan	Card build progress [#######################-] 226/231
cyan	Card build progress [#######################-] 227/231
cyan	Card build progress [#######################-] 228/231
cyan	Card build progress [#######################-] 229/231
cyan	Card build progress [#######################-] 230/231
cyan	Card build progress [########################] 231/231
cyan	Output write progress [------------------------] 1/231
cyan	Output write progress [------------------------] 2/231
cyan	Output write progress [------------------------] 3/231
cyan	Output write progress [------------------------] 4/231
cyan	Output write progress [------------------------] 5/231
cyan	Output write progress [------------------------] 6/231
cyan	Output write progress [------------------------] 7/231
cyan	Output write progress [------------------------] 8/231
cyan	Output write progress [------------------------] 9/231
cyan	Output write progress [#-----------------------] 10/231
cyan	Output write progress [#-----------------------] 11/231
cyan	Output write progress [#-----------------------] 12/231
cyan	Output write progress [#-----------------------] 13/231
cyan	Output write progress [#-----------------------] 14/231
cyan	Output write progress [#-----------------------] 15/231
cyan	Output write progress [#-----------------------] 16/231
cyan	Output write progress [#-----------------------] 17/231
cyan	Output write progress [#-----------------------] 18/231
cyan	Output write progress [#-----------------------] 19/231
cyan	Output write progress [##----------------------] 20/231
cyan	Output write progress [##----------------------] 21/231
cyan	Output write progress [##----------------------] 22/231
cyan	Output write progress [##----------------------] 23/231
cyan	Output write progress [##----------------------] 24/231
cyan	Output write progress [##----------------------] 25/231
cyan	Output write progress [##----------------------] 26/231
cyan	Output write progress [##----------------------] 27/231
cyan	Output write progress [##----------------------] 28/231
cyan	Output write progress [###---------------------] 29/231
cyan	Output write progress [###---------------------] 30/231
cyan	Output write progress [###---------------------] 31/231
cyan	Output write progress [###---------------------] 32/231
cyan	Output write progress [###---------------------] 33/231
cyan	Output write progress [###---------------------] 34/231
cyan	Output write progress [###---------------------] 35/231
cyan	Output write progress [###---------------------] 36/231
cyan	Output write progress [###---------------------] 37/231
cyan	Output write progress [###---------------------] 38/231
cyan	Output write progress [####--------------------] 39/231
cyan	Output write progress [####--------------------] 40/231
cyan	Output write progress [####--------------------] 41/231
cyan	Output write progress [####--------------------] 42/231
cyan	Output write progress [####--------------------] 43/231
cyan	Output write progress [####--------------------] 44/231
cyan	Output write progress [####--------------------] 45/231
cyan	Output write progress [####--------------------] 46/231
cyan	Output write progress [####--------------------] 47/231
cyan	Output write progress [####--------------------] 48/231
cyan	Output write progress [#####-------------------] 49/231
cyan	Output write progress [#####-------------------] 50/231
cyan	Output write progress [#####-------------------] 51/231
cyan	Output write progress [#####-------------------] 52/231
cyan	Output write progress [#####-------------------] 53/231
cyan	Output write progress [#####-------------------] 54/231
cyan	Output write progress [#####-------------------] 55/231
cyan	Output write progress [#####-------------------] 56/231
cyan	Output write progress [#####-------------------] 57/231
cyan	Output write progress [######------------------] 58/231
cyan	Output write progress [######------------------] 59/231
cyan	Output write progress [######------------------] 60/231
cyan	Output write progress [######------------------] 61/231
cyan	Output write progress [######------------------] 62/231
cyan	Output write progress [######------------------] 63/231
cyan	Output write progress [######------------------] 64/231
cyan	Output write progress [######------------------] 65/231
cyan	Output write progress [######------------------] 66/231
cyan	Output write progress [######------------------] 67/231
cyan	Output write progress [#######-----------------] 68/231
cyan	Output write progress [#######-----------------] 69/231
cyan	Output write progress [#######-----------------] 70/231
cyan	Output write progress [#######-----------------] 71/231
cyan	Output write progress [#######-----------------] 72/231
cyan	Output write progress [#######-----------------] 73/231
cyan	Output write progress [#######-----------------] 74/231
cyan	Output write progress [#######-----------------] 75/231
cyan	Output write progress [#######-----------------] 76/231
cyan	Output write progress [########----------------] 77/231
cyan	Output write progress [########----------------] 78/231
cyan	Output write progress [########----------------] 79/231
cyan	Output write progress [########----------------] 80/231
cyan	Output write progress [########----------------] 81/231
cyan	Output write progress [########----------------] 82/231
cyan	Output write progress [########----------------] 83/231
cyan	Output write progress [########----------------] 84/231
cyan	Output write progress [########----------------] 85/231
cyan	Output write progress [########----------------] 86/231
cyan	Output write progress [#########---------------] 87/231
cyan	Output write progress [#########---------------] 88/231
cyan	Output write progress [#########---------------] 89/231
cyan	Output write progress [#########---------------] 90/231
cyan	Output write progress [#########---------------] 91/231
cyan	Output write progress [#########---------------] 92/231
cyan	Output write progress [#########---------------] 93/231
cyan	Output write progress [#########---------------] 94/231
cyan	Output write progress [#########---------------] 95/231
cyan	Output write progress [#########---------------] 96/231
cyan	Output write progress [##########--------------] 97/231
cyan	Output write progress [##########--------------] 98/231
cyan	Output write progress [##########--------------] 99/231
cyan	Output write progress [##########--------------] 100/231
cyan	Output write progress [##########--------------] 101/231
cyan	Output write progress [##########--------------] 102/231
cyan	Output write progress [##########--------------] 103/231
cyan	Output write progress [##########--------------] 104/231
cyan	Output write progress [##########--------------] 105/231
cyan	Output write progress [###########-------------] 106/231
cyan	Output write progress [###########-------------] 107/231
cyan	Output write progress [###########-------------] 108/231
cyan	Output write progress [###########-------------] 109/231
cyan	Output write progress [###########-------------] 110/231
cyan	Output write progress [###########-------------] 111/231
cyan	Output write progress [###########-------------] 112/231
cyan	Output write progress [###########-------------] 113/231
cyan	Output write progress [###########-------------] 114/231
cyan	Output write progress [###########-------------] 115/231
cyan	Output write progress [############------------] 116/231
cyan	Output write progress [############------------] 117/231
cyan	Output write progress [############------------] 118/231
cyan	Output write progress [############------------] 119/231
cyan	Output write progress [############------------] 120/231
cyan	Output write progress [############------------] 121/231
cyan	Output write progress [############------------] 122/231
cyan	Output write progress [############------------] 123/231
cyan	Output write progress [############------------] 124/231
cyan	Output write progress [############------------] 125/231
cyan	Output write progress [#############-----------] 126/231
cyan	Output write progress [#############-----------] 127/231
cyan	Output write progress [#############-----------] 128/231
cyan	Output write progress [#############-----------] 129/231
cyan	Output write progress [#############-----------] 130/231
cyan	Output write progress [#############-----------] 131/231
cyan	Output write progress [#############-----------] 132/231
cyan	Output write progress [#############-----------] 133/231
cyan	Output write progress [#############-----------] 134/231
cyan	Output write progress [##############----------] 135/231
cyan	Output write progress [##############----------] 136/231
cyan	Output write progress [##############----------] 137/231
cyan	Output write progress [##############----------] 138/231
cyan	Output write progress [##############----------] 139/231
cyan	Output write progress [##############----------] 140/231
cyan	Output write progress [##############----------] 141/231
cyan	Output write progress [##############----------] 142/231
cyan	Output write progress [##############----------] 143/231
cyan	Output write progress [##############----------] 144/231
cyan	Output write progress [###############---------] 145/231
cyan	Output write progress [###############---------] 146/231
cyan	Output write progress [###############---------] 147/231
cyan	Output write progress [###############---------] 148/231
cyan	Output write progress [###############---------] 149/231
cyan	Output write progress [###############---------] 150/231
cyan	Output write progress [###############---------] 151/231
cyan	Output write progress [###############---------] 152/231
cyan	Output write progress [###############---------] 153/231
cyan	Output write progress [################--------] 154/231
cyan	Output write progress [################--------] 155/231
cyan	Output write progress [################--------] 156/231
cyan	Output write progress [################--------] 157/231
cyan	Output write progress [################--------] 158/231
cyan	Output write progress [################--------] 159/231
cyan	Output write progress [################--------] 160/231
cyan	Output write progress [################--------] 161/231
cyan	Output write progress [################--------] 162/231
cyan	Output write progress [################--------] 163/231
cyan	Output write progress [#################-------] 164/231
cyan	Output write progress [#################-------] 165/231
cyan	Output write progress [#################-------] 166/231
cyan	Output write progress [#################-------] 167/231
cyan	Output write progress [#################-------] 168/231
cyan	Output write progress [#################-------] 169/231
cyan	Output write progress [#################-------] 170/231
cyan	Output write progress [#################-------] 171/231
cyan	Output write progress [#################-------] 172/231
cyan	Output write progress [#################-------] 173/231
cyan	Output write progress [##################------] 174/231
cyan	Output write progress [##################------] 175/231
cyan	Output write progress [##################------] 176/231
cyan	Output write progress [##################------] 177/231
cyan	Output write progress [##################------] 178/231
cyan	Output write progress [##################------] 179/231
cyan	Output write progress [##################------] 180/231
cyan	Output write progress [##################------] 181/231
cyan	Output write progress [##################------] 182/231
cyan	Output write progress [###################-----] 183/231
cyan	Output write progress [###################-----] 184/231
cyan	Output write progress [###################-----] 185/231
cyan	Output write progress [###################-----] 186/231
cyan	Output write progress [###################-----] 187/231
cyan	Output write progress [###################-----] 188/231
cyan	Output write progress [###################-----] 189/231
cyan	Output write progress [###################-----] 190/231
cyan	Output write progress [###################-----] 191/231
cyan	Output write progress [###################-----] 192/231
cyan	Output write progress [####################----] 193/231
cyan	Output write progress [####################----] 194/231
cyan	Output write progress [####################----] 195/231
cyan	Output write progress [####################----] 196/231
cyan	Output write progress [####################----] 197/231
cyan	Output write progress [####################----] 198/231
cyan	Output write progress [####################----] 199/231
cyan	Output write progress [####################----] 200/231
cyan	Output write progress [####################----] 201/231
cyan	Output write progress [####################----] 202/231
cyan	Output write progress [#####################---] 203/231
cyan	Output write progress [#####################---] 204/231
cyan	Output write progress [#####################---] 205/231
cyan	Output write progress [#####################---] 206/231
cyan	Output write progress [#####################---] 207/231
cyan	Output write progress [#####################---] 208/231
cyan	Output write progress [#####################---] 209/231
cyan	Output write progress [#####################---] 210/231
cyan	Output write progress [#####################---] 211/231
cyan	Output write progress [######################--] 212/231
cyan	Output write progress [######################--] 213/231
cyan	Output write progress [######################--] 214/231
cyan	Output write progress [######################--] 215/231
cyan	Output write progress [######################--] 216/231
cyan	Output write progress [######################--] 217/231
cyan	Output write progress [######################--] 218/231
cyan	Output write progress [######################--] 219/231
cyan	Output write progress [######################--] 220/231
cyan	Output write progress [######################--] 221/231
cyan	Output write progress [#######################-] 222/231
cyan	Output write progress [#######################-] 223/231
cyan	Output write progress [#######################-] 224/231
cyan	Output write progress [#######################-] 225/231
cyan	Output write progress [#######################-] 226/231
cyan	Output write progress [#######################-] 227/231
cyan	Output write progress [#######################-] 228/231
cyan	Output write progress [#######################-] 229/231
cyan	Output write progress [#######################-] 230/231
cyan	Output write progress [########################] 231/231
green	Card partition rows: 231
green	Card partition review rows: 1250
green	Cards generated: 231
green	Output zip: data/output/2024-Historical-Highly-Cited-Researchers-lists - final_combined_cards.zip
green	Artifacts dumped: data/diagnostics/20260525_114621/step_artifacts/10_build_cards_card_partitions_df.csv, data/diagnostics/20260525_114621/step_artifacts/10_build_cards_card_partition_review_df.csv, data/output/2024-Historical-Highly-Cited-Researchers-lists - final_combined_cards.zip
cyan	Execution Metrics
magenta	Peak RAM Usage: 2.26 GB
magenta	Cards: 231
cyan	Diagnostics report saved to: data/diagnostics/20260525_114621/repl_diagnostics.md
green	Success! Output saved to: data/output/2024-Historical-Highly-Cited-Researchers-lists - final_combined_cards.zip
